## PARSER ##
Parsing tests/attributes/assembly.tc...

### LEXER ###
Generating tokens from source...
Generated 0 tokens

### AST GENERATION ###
