## PARSER ##
Parsing tests/attributes/c.tc...

### LEXER ###
Generating tokens from source...
Generated 0 tokens

### AST GENERATION ###
