## PARSER ##
Parsing tests/attributes/entry.tc...

### LEXER ###
Generating tokens from source...
Generated 0 tokens

### AST GENERATION ###
