
### AST GENERATION ###
Declaration FUNCTION  main
  Stmt VARDECL
    Arg IDENTIFIER
      Identifier_Arg a
        Type POINTER
          Type TYPE INT8
    Arg EXPR
      Expr UNDEFINED
