
### LEXER ###
000:     FUNCTION,     (null), (003, 008)
001:   IDENTIFIER,       main, (003, 013)
002:            (,     (null), (003, 014)
003:         VOID,     (null), (003, 018)
004:            ),     (null), (003, 019)
005:           ->,     (null), (003, 021)
006:         VOID,     (null), (003, 026)
007:           DO,     (null), (003, 029)
008:      INTEGER,          1, (004, 004)
009:            >,     (null), (004, 005)
010:      INTEGER,          2, (004, 008)
011:           >=,     (null), (004, 009)
012:      INTEGER,          3, (004, 012)
013:            <,     (null), (004, 013)
014:      INTEGER,          4, (004, 016)
015:           <=,     (null), (004, 017)
016:      INTEGER,          5, (004, 020)
017:            ;,     (null), (004, 020)
018:          END,     (null), (005, 003)
