
### AST GENERATION ###
Declaration FUNCTION  main
  Stmt EXPRESSION
    Expr UNARY ~
      Expr LITERAL
        INT 1
  Stmt EXPRESSION
    Expr UNARY !
      Expr LITERAL
        INT 1
  Stmt EXPRESSION
    Expr UNARY NOT
      Expr LITERAL
        INT 1
  Stmt EXPRESSION
    Expr UNARY -
      Expr LITERAL
        INT 1
  Stmt EXPRESSION
    Expr UNARY *
      Expr LITERAL
        INT 1
  Stmt EXPRESSION
    Expr UNARY &
      Expr LITERAL
        INT 1
