
### AST GENERATION ###
Declaration ENUM
  Arg ASSIGN
    Assign_Arg ENUM_ONE
    Assign_Arg ENUM_TWO
      Expr LITERAL
        INT 2
    Assign_Arg ENUM_THREE
