
### AST GENERATION ###
Declaration FUNCTION 
  Stmt EXPRESSION
    Expr LITERAL
      INT 1
Declaration FUNCTION  testA
  Stmt EXPRESSION
    Expr LITERAL
      INT 2
Declaration FUNCTION  testB
  Arg IDENTIFIER
    Identifier_Arg x
      Type TYPE INT8
  Stmt EXPRESSION
    Expr LITERAL
      INT 3
Declaration FUNCTION  testC
  Type TYPE INT8
  Stmt EXPRESSION
    Expr LITERAL
      INT 4
Declaration FUNCTION  testD
  Arg IDENTIFIER
    Identifier_Arg x
      Type TYPE INT8
  Type TYPE INT8
  Arg EXPR
    Expr BINARY !=
      Expr VARIABLE x
      Expr LITERAL
        INT 69
    Expr BINARY ==
      Expr VARIABLE return
      Expr LITERAL
        INT 420
  Stmt EXPRESSION
    Expr LITERAL
      INT 5
Declaration FUNCTION  testE
  Arg IDENTIFIER
    Identifier_Arg x
      Type IDENTIFIER T
  Type IDENTIFIER T
  Arg GENERIC_DEFS
    Generic_Def
      Arg GENERIC_DEFL
        IDENTIFIER T
      Arg GENERIC_DEFR
        Type TRAIT Add
  Stmt EXPRESSION
    Expr LITERAL
      INT 6
Declaration FUNCTION  testF
  Arg IDENTIFIER
    Identifier_Arg x
      Type IDENTIFIER T
    Identifier_Arg y
      Type IDENTIFIER V
  Type IDENTIFIER T
  Arg GENERIC_DEFS
    Generic_Def
      Arg GENERIC_DEFL
        IDENTIFIER T
        IDENTIFIER V
      Arg GENERIC_DEFR
        Type TRAIT Add
        Type TRAIT Display
  Stmt EXPRESSION
    Expr LITERAL
      INT 7
Declaration FUNCTION  testG
  Arg IDENTIFIER
    Identifier_Arg x
      Type IDENTIFIER T
    Identifier_Arg y
      Type IDENTIFIER V
  Type IDENTIFIER T
  Arg EXPR
    Expr BINARY !=
      Expr VARIABLE x
      Expr LITERAL
        INT 1
  Arg GENERIC_DEFS
    Generic_Def
      Arg GENERIC_DEFL
        IDENTIFIER T
      Arg GENERIC_DEFR
        Type TRAIT Add
    Generic_Def
      Arg GENERIC_DEFL
        IDENTIFIER V
      Arg GENERIC_DEFR
        Type TRAIT Display
  Stmt EXPRESSION
    Expr LITERAL
      INT 8
Declaration FUNCTION  testH
  Stmt EXPRESSION
    Expr LITERAL
      INT 9
  Stmt EXPRESSION
    Expr LITERAL
      INT 10
