
### AST GENERATION ###
Declaration STRUCT
  Arg IDENTIFIER
    Identifier_Arg x
    Identifier_Arg y
      Type TYPE INT8
Declaration TRAIT TestTrait
  Declaration FUNCTION  testFunction
    Arg IDENTIFIER
      Identifier_Arg self
        Type POINTER
          Type IDENTIFIER Self
    Type IDENTIFIER Self
Declaration IMPL
  Type IDENTIFIER TestTrait
  Type IDENTIFIER TestStruct
  Declaration FUNCTION  testFunction
    Arg IDENTIFIER
      Identifier_Arg self
        Type POINTER
          Type IDENTIFIER Self
    Type IDENTIFIER Self
    Stmt BUILTIN return
      Expr VARIABLE self
