
### AST GENERATION ###
Declaration TRAIT TestTrait
  Declaration FUNCTION  testFunction
  Declaration FUNCTION  testFunctionB
