
### LEXER ###
000:        UNION,     (null), (003, 005)
001:   IDENTIFIER,  TestUnion, (003, 015)
002:   IDENTIFIER,          x, (004, 003)
003:            :,     (null), (004, 004)
004:         INT8,     (null), (004, 009)
005:            ,,     (null), (004, 010)
006:   IDENTIFIER,          y, (004, 012)
007:            :,     (null), (004, 013)
008:       FLOAT8,     (null), (004, 020)
009:          END,     (null), (005, 003)
010:        UNION,     (null), (007, 005)
011:   IDENTIFIER, TestUnionB, (007, 016)
012:            (,     (null), (007, 017)
013:   IDENTIFIER,          T, (007, 018)
014:            ,,     (null), (007, 019)
015:   IDENTIFIER,          V, (007, 021)
016:            ),     (null), (007, 022)
017:   IDENTIFIER,          x, (008, 003)
018:            :,     (null), (008, 004)
019:   IDENTIFIER,          T, (008, 006)
020:            ,,     (null), (008, 007)
021:   IDENTIFIER,          y, (008, 009)
022:            :,     (null), (008, 010)
023:   IDENTIFIER,          V, (008, 012)
024:          END,     (null), (009, 003)
