## PARSER ##
Parsing tests/please.tc...

### LEXER ###
Generating tokens from source...
Generated 22 tokens
000:     FUNCTION,     (null), (003, 014)
001:   IDENTIFIER,       main, (003, 019)
002:            (,     (null), (003, 020)
003:         VOID,     (null), (003, 030)
004:            ),     (null), (003, 031)
005:           ->,     (null), (003, 033)
006:         VOID,     (null), (003, 038)
007:           DO,     (null), (003, 047)
008:          LET,     (null), (004, 011)
009:   IDENTIFIER,          x, (004, 013)
010:            :,     (null), (004, 014)
011:         INT8,     (null), (004, 019)
012:            =,     (null), (004, 021)
013:            {,     (null), (004, 029)
014:      INTEGER,          1, (004, 032)
015:            ,,     (null), (004, 032)
016:      INTEGER,          2, (004, 035)
017:            ,,     (null), (004, 035)
018:      INTEGER,          3, (004, 038)
019:            },     (null), (004, 039)
020:            ;,     (null), (004, 040)
021:          END,     (null), (005, 003)

### AST GENERATION ###
function main(VOID) -> VOID do
  let x: INT8,    = {1, 2, 3,   },   
  end

