
### AST GENERATION ###
Declaration ENUM
  Arg ASSIGN
    Assign_Arg ONE
      Expr LITERAL
        INT 1
    Assign_Arg TWO
    Assign_Arg THREE
      Expr LITERAL
        INT 2
    Assign_Arg FOUR
