
### AST GENERATION ###
Declaration FUNCTION  main
  Stmt VARDECL
    Arg IDENTIFIER
      Identifier_Arg x
      Identifier_Arg y
      Identifier_Arg z
        Type TYPE INT8
    Arg EXPR
      Expr UNDEFINED
  Stmt VARDECL
    Arg IDENTIFIER
      Identifier_Arg a
      Identifier_Arg b
      Identifier_Arg c
        Type TYPE INT8
    Arg EXPR
      Expr BINARY +
        Expr LITERAL
          INT 1
        Expr LITERAL
          INT 2
      Expr LITERAL
        INT 3
      Expr LITERAL
        INT 4
