
### AST GENERATION ###
Declaration FUNCTION  main
  Stmt MATCH
    Expr VARIABLE a
    Arg MATCH_ARM
      Match_Arm
        Arg EXPR
          Expr LITERAL
            INT 1
        Stmt EXPRESSION
          Expr LITERAL
            INT 2
      Match_Arm
        Arg EXPR
          Expr LITERAL
            INT 3
          Expr LITERAL
            INT 4
        Stmt EXPRESSION
          Expr LITERAL
            INT 5
