
### AST GENERATION ###
Declaration FUNCTION  main
  Stmt LOOP
    Stmt BUILTIN print
      Expr LITERAL
        INT 1
  Stmt LOOP
    Stmt BUILTIN print
      Expr LITERAL
        INT 1
    Stmt LOOP
      Stmt BUILTIN print
        Expr LITERAL
          INT 2
